=== Phase 1: Extract Hindi questions + options ===


── Year 2023 (Hindi LEFT) ──
  [2023] Loaded 56 from cache
  [2023] Reading PDF...
  [2023] Q1-15: cached
  [2023] Q16-30: cached
  [2023] Q31-45: cached
  [2023] Q46-56: cached
  [2023] Extracting Q57-60...
  [2023]   → 4 questions
  [2023] Extracting Q61-75...
  [2023]   → 15 questions
  [2023] Extracting Q76-90...
  [2023]   → 15 questions
  [2023] Extracting Q91-105...
  [2023]   → 15 questions
  [2023] Extracting Q106-120...
  [2023]   → 15 questions
  [2023] Extracting Q121-135...
  [2023]   → 15 questions
  [2023] Extracting Q136-150...
  [2023]   → 15 questions
  [2023] All 150 questions extracted ✓
  [2023] DB update: 150 ok, 0 failed

── Year 2021 (Hindi RIGHT) ──
  [2021] Loaded 0 from cache
  [2021] Reading PDF...
  [2021] Extracting Q1-15...
  [2021]   → 15 questions
  [2021] Extracting Q16-30...
  [2021]   → 15 questions
  [2021] Extracting Q31-45...
  [2021]   → 15 questions
  [2021] Extracting Q46-56...
  [2021]   → 11 questions
  [2021] Extracting Q57-60...
  [2021]   → 4 questions
  [2021] Extracting Q61-75...
  [2021]   → 15 questions
  [2021] Extracting Q76-90...
  [2021]   → 10 questions
  [2021]   ⚠ expected 15, got 10
  [2021] Extracting Q91-105...
  [2021]   → 15 questions
  [2021] Extracting Q106-120...
  [2021]   → 15 questions
  [2021] Extracting Q121-135...
  [2021]   → 15 questions
  [2021] Extracting Q136-150...
  [2021]   → 15 questions
  [2021] Missing q_nos: 86,87,88,89,90
  [2021] DB update: 145 ok, 0 failed

── Year 2018 (Hindi LEFT) ──
  [2018] Loaded 0 from cache
  [2018] Reading PDF...
  [2018] Extracting Q1-15...
  [2018]   → 15 questions
  [2018] Extracting Q16-30...
  [2018]   → 15 questions
  [2018] Extracting Q31-45...
  [2018]   → 15 questions
  [2018] Extracting Q46-56...
  [2018]   → 11 questions
  [2018] Extracting Q57-60...
  [2018]   → 4 questions
  [2018] Extracting Q61-75...
  [2018]   → 15 questions
  [2018] Extracting Q76-90...
  [2018]   → 15 questions
  [2018] Extracting Q91-105...
  [2018]   → 15 questions
  [2018] Extracting Q106-120...
  [2018]   → 15 questions
  [2018] Extracting Q121-135...
  [2018]   → 15 questions
  [2018] Extracting Q136-150...
  [2018]   → 15 questions
  [2018] All 150 questions extracted ✓
  [2018] DB update: 150 ok, 0 failed

── Year 2016 (Hindi LEFT) ──
  [2016] Loaded 0 from cache
  [2016] Reading PDF...
  [2016] Extracting Q1-15...
  [2016]   → 15 questions
  [2016] Extracting Q16-30...
  [2016]   → 15 questions
  [2016] Extracting Q31-45...
  [2016]   → 15 questions
  [2016] Extracting Q46-56...
  [2016]   → 11 questions
  [2016] Extracting Q57-60...
  [2016]   → 4 questions
  [2016] Extracting Q61-75...
  [2016]   → 15 questions
  [2016] Extracting Q76-90...
  [2016]   → 11 questions
  [2016]   ⚠ expected 15, got 11
  [2016] Extracting Q91-105...
  [2016]   → 15 questions
  [2016] Extracting Q106-120...
  [2016]   → 15 questions
  [2016] Extracting Q121-135...
  [2016]   → 15 questions
  [2016] Extracting Q136-150...
  [2016]   → 15 questions
  [2016] Missing q_nos: 87,88,89,90
  [2016] DB update: 146 ok, 0 failed

── Year 2015 (Hindi LEFT) ──
  [2015] Loaded 0 from cache
  [2015] Reading PDF...
  [2015] Extracting Q1-15...
  [2015]   → 15 questions
  [2015] Extracting Q16-30...
  [2015]   → 15 questions
  [2015] Extracting Q31-45...
  [2015]   → 15 questions
  [2015] Extracting Q46-56...
  [2015]   → 11 questions
  [2015] Extracting Q57-60...
  [2015]   → 4 questions
  [2015] Extracting Q61-75...
  [2015]   → 15 questions
  [2015] Extracting Q76-90...
  [2015]   → 15 questions
  [2015] Extracting Q91-105...
  [2015]   → 15 questions
  [2015] Extracting Q106-120...
  [2015]   → 15 questions
  [2015] Extracting Q121-135...
  [2015]   → 15 questions
  [2015] Extracting Q136-150...
  [2015]   → 15 questions
  [2015] All 150 questions extracted ✓
  [2015] DB update: 150 ok, 0 failed


=== Phase 2: Generate Hindi explanations ===


── Year 2023 explanations ──
  [2023] Loaded 0 explanations from cache
  [2023] Need explanations for 150 questions
  [2023] Generating explanations Q1-Q107...
  [2023] Generating explanations Q108-Q116...
  [2023] Generating explanations Q117-Q125...
  [2023] Generating explanations Q126-Q134...
  [2023] Generating explanations Q135-Q143...
  [2023] Generating explanations Q144-Q17...
  [2023] Generating explanations Q18-Q26...
  [2023] Generating explanations Q27-Q35...
  [2023] Generating explanations Q36-Q44...
  [2023] Generating explanations Q45-Q53...
  [2023] Generating explanations Q54-Q62...
  [2023] Generating explanations Q63-Q71...
  [2023] Generating explanations Q72-Q80...
  [2023] Generating explanations Q81-Q9...
  [2023] Generating explanations Q90-Q99...
  [2023] Explanations updated: 147 ok, 0 failed

── Year 2021 explanations ──
  [2021] Loaded 0 explanations from cache
  [2021] Need explanations for 150 questions
  [2021] Generating explanations Q1-Q107...
  [2021] Generating explanations Q108-Q116...
  [2021] Generating explanations Q117-Q125...
  [2021] Generating explanations Q126-Q134...
  [2021] Generating explanations Q135-Q143...
  [2021] Generating explanations Q144-Q17...
  [2021] Generating explanations Q18-Q26...
  [2021] Generating explanations Q27-Q35...
  [2021] Generating explanations Q36-Q44...
  [2021] Generating explanations Q45-Q53...
  [2021] Generating explanations Q54-Q62...
  [2021] Generating explanations Q63-Q71...
  [2021] Generating explanations Q72-Q80...
  [2021] Generating explanations Q81-Q9...
  [2021] Generating explanations Q90-Q99...
  [2021] Explanations updated: 148 ok, 0 failed

── Year 2018 explanations ──
  [2018] Loaded 0 explanations from cache
  [2018] Need explanations for 150 questions
  [2018] Generating explanations Q1-Q107...
  [2018] Generating explanations Q108-Q116...
  [2018] Generating explanations Q117-Q125...
  [2018] Generating explanations Q126-Q134...
  [2018] Generating explanations Q135-Q143...
  [2018] Generating explanations Q144-Q17...
  [2018] Generating explanations Q18-Q26...
  [2018] Generating explanations Q27-Q35...
  [2018] Generating explanations Q36-Q44...
  [2018] Generating explanations Q45-Q53...
  [2018] Generating explanations Q54-Q62...
  [2018] Generating explanations Q63-Q71...
  [2018] Generating explanations Q72-Q80...
  [2018] Generating explanations Q81-Q9...
  [2018] Generating explanations Q90-Q99...
  [2018] Explanations updated: 146 ok, 0 failed

── Year 2016 explanations ──
  [2016] Loaded 0 explanations from cache
  [2016] Need explanations for 150 questions
  [2016] Generating explanations Q1-Q107...
  [2016] Generating explanations Q108-Q116...
  [2016] Generating explanations Q117-Q125...
  [2016] Generating explanations Q126-Q134...
  [2016] Generating explanations Q135-Q143...
  [2016] Generating explanations Q144-Q17...
  [2016] Generating explanations Q18-Q26...
  [2016] Generating explanations Q27-Q35...
  [2016] Generating explanations Q36-Q44...
  [2016] Generating explanations Q45-Q53...
  [2016] Generating explanations Q54-Q62...
  [2016] Generating explanations Q63-Q71...
  [2016] Generating explanations Q72-Q80...
  [2016] Generating explanations Q81-Q9...
  [2016] Generating explanations Q90-Q99...
  [2016] Explanations updated: 147 ok, 0 failed

── Year 2015 explanations ──
  [2015] Loaded 0 explanations from cache
  [2015] Need explanations for 150 questions
  [2015] Generating explanations Q1-Q107...
  [2015] Generating explanations Q108-Q116...
  [2015] Generating explanations Q117-Q125...
  [2015] Generating explanations Q126-Q134...
  [2015] Generating explanations Q135-Q143...
  [2015] Generating explanations Q144-Q17...
  [2015] Generating explanations Q18-Q26...
  [2015] Generating explanations Q27-Q35...
  [2015] Generating explanations Q36-Q44...
  [2015] Generating explanations Q45-Q53...
  [2015] Generating explanations Q54-Q62...
  [2015] Generating explanations Q63-Q71...
  [2015] Generating explanations Q72-Q80...
  [2015] Generating explanations Q81-Q9...
  [2015] Generating explanations Q90-Q99...
  [2015] Explanations updated: 142 ok, 0 failed


✓ All done! 2015, 2016, 2018, 2021, 2023 Hindi content added to DB.
